// Jest Snapshot v1, https://goo.gl/fbAQLP

exports[`CreateItemBtn should render correctly 1`] = `
<div
  className="card-wrapper new-card"
>
  <button
    className="card"
    onClick={[MockFunction]}
  >
    <img
      alt="ajouter"
      src={[Function]}
    />
  </button>
</div>
`;
